
> ntl-career-nexus@0.0.0 build
> ng build

- Building...

Initial chunk files   | Names                            |  Raw size | Estimated transfer size
styles-BXFOWP7P.css   | styles                           | 730.07 kB |                69.33 kB
chunk-57RM6ADS.js     | -                                | 154.43 kB |                45.82 kB
scripts-SQ7W6IC7.js   | scripts                          |  78.53 kB |                21.12 kB
chunk-FQB3TQWU.js     | -                                |  74.41 kB |                18.31 kB
chunk-GN4VNL7V.js     | -                                |  54.98 kB |                15.14 kB
chunk-MNRC4DVZ.js     | -                                |  44.03 kB |                 8.43 kB
main-XQU4QOCR.js      | main                             |  40.39 kB |                 9.98 kB
polyfills-EJ46DL77.js | polyfills                        |  34.98 kB |                11.46 kB
chunk-ECOH7ZV6.js     | -                                |  12.33 kB |                 3.82 kB
chunk-L6UQPWUS.js     | -                                |  10.98 kB |                 2.77 kB
chunk-KTQS2UFN.js     | -                                |   7.90 kB |                 2.40 kB
chunk-FTSBY2EO.js     | -                                |   4.64 kB |                 1.58 kB
chunk-JSVFH6ME.js     | -                                |   2.34 kB |               826 bytes
chunk-OVWLYJP4.js     | -                                |   2.12 kB |               630 bytes
chunk-JSGSPAW6.js     | -                                | 601 bytes |               601 bytes
chunk-GQKF3URN.js     | -                                | 419 bytes |               419 bytes

                      | Initial total                    |   1.22 MB |               212.57 kB

Lazy chunk files      | Names                            |  Raw size | Estimated transfer size
chunk-Y4CSH3ZJ.js     | edit-requests-component          | 111.65 kB |                17.76 kB
chunk-YOM3BOK4.js     | candidate-edit-component         |  88.76 kB |                18.37 kB
chunk-ZBVB24AY.js     | candidate-register-component     |  88.43 kB |                18.48 kB
chunk-DWG6CKUM.js     | edit-request-component           |  76.10 kB |                15.81 kB
chunk-2RNDNWKI.js     | recruiter-list-component         |  60.05 kB |                13.86 kB
chunk-KEVOLUH7.js     | -                                |  55.05 kB |                13.12 kB
chunk-JA2O3JMN.js     | recruiter-create-component       |  42.82 kB |                 9.66 kB
chunk-MC6GJO73.js     | candidate-list-component         |  39.94 kB |                 8.92 kB
chunk-B3NNVIF7.js     | landing-component                |  35.97 kB |                 8.48 kB
chunk-ROA7JUHW.js     | candidate-profile-component      |  34.01 kB |                 7.50 kB
chunk-ANBEJAMV.js     | volunteer-list-component         |  33.67 kB |                 8.03 kB
chunk-IZX75TC5.js     | -                                |  31.87 kB |                 6.92 kB
chunk-5IMKGWMF.js     | candidate-profile-page-component |  30.02 kB |                 8.36 kB
chunk-NBTJAWBN.js     | master-management-component      |  27.18 kB |                 7.32 kB
chunk-63IAJN6L.js     | volunteer-profile-page-component |  22.66 kB |                 5.29 kB
...and 36 more lazy chunks files. Use "--verbose" to show all the files.

Output location: C:\Dhinesh\projects\Job_Application\frontend\dist\ntl-career-nexus

Application bundle generation complete. [28.820 seconds]

Γû▓ [WARNING] NG8107: The left side of this optional chain operation does not include 'null' or 'undefined' in its type, therefore the '?.' operator can be replaced with the '.' operator. [plugin angular-compiler]

    src/app/features/admin/candidate-edit/candidate-edit.component.html:106:32:
      106 Γöé ...    <strong>{{ candidate?.first_name }} {{ candidate?.last_nam...
          Γò╡                              ~~~~~~~~~~

  Error occurs in the template of component CandidateEditComponent.

    src/app/features/admin/candidate-edit/candidate-edit.component.ts:272:15:
      272 Γöé   templateUrl: './candidate-edit.component.html',
          Γò╡                ~~~~~~~~~~~~~~~~~~~~~~~~~~~~~~~~~


Γû▓ [WARNING] NG8107: The left side of this optional chain operation does not include 'null' or 'undefined' in its type, therefore the '?.' operator can be replaced with the '.' operator. [plugin angular-compiler]

    src/app/features/admin/candidate-edit/candidate-edit.component.html:106:60:
      106 Γöé ...g>{{ candidate?.first_name }} {{ candidate?.last_name }}</strong>
          Γò╡                                                ~~~~~~~~~

  Error occurs in the template of component CandidateEditComponent.

    src/app/features/admin/candidate-edit/candidate-edit.component.ts:272:15:
      272 Γöé   templateUrl: './candidate-edit.component.html',
          Γò╡                ~~~~~~~~~~~~~~~~~~~~~~~~~~~~~~~~~


Γû▓ [WARNING] bundle initial exceeded maximum budget. Budget 1.00 MB was not met by 229.13 kB with a total of 1.22 MB.


Γû▓ [WARNING] 2 rules skipped due to selector errors:
  .form-floating>~label -> Did not expect successive traversals.
  .form-floating>~label -> Did not expect successive traversals.


