
> ntl-career-nexus@0.0.0 build
> ng build

- Building...

Initial chunk files   | Names                            |  Raw size | Estimated transfer size
styles-BXFOWP7P.css   | styles                           | 730.07 kB |                69.33 kB
chunk-57RM6ADS.js     | -                                | 154.43 kB |                45.82 kB
scripts-SQ7W6IC7.js   | scripts                          |  78.53 kB |                21.12 kB
chunk-FQB3TQWU.js     | -                                |  74.41 kB |                18.31 kB
chunk-GN4VNL7V.js     | -                                |  54.98 kB |                15.14 kB
chunk-MNRC4DVZ.js     | -                                |  44.03 kB |                 8.43 kB
main-XWL7U565.js      | main                             |  41.20 kB |                 9.98 kB
polyfills-EJ46DL77.js | polyfills                        |  34.98 kB |                11.46 kB
chunk-ECOH7ZV6.js     | -                                |  12.33 kB |                 3.82 kB
chunk-L6UQPWUS.js     | -                                |  10.98 kB |                 2.77 kB
chunk-KTQS2UFN.js     | -                                |   7.90 kB |                 2.40 kB
chunk-FTSBY2EO.js     | -                                |   4.64 kB |                 1.58 kB
chunk-JSVFH6ME.js     | -                                |   2.34 kB |               826 bytes
chunk-OVWLYJP4.js     | -                                |   2.12 kB |               630 bytes
chunk-JSGSPAW6.js     | -                                | 601 bytes |               601 bytes
chunk-GQKF3URN.js     | -                                | 419 bytes |               419 bytes

                      | Initial total                    |   1.22 MB |               212.56 kB

Lazy chunk files      | Names                            |  Raw size | Estimated transfer size
chunk-BHD4EJSX.js     | edit-requests-component          | 112.90 kB |                17.95 kB
chunk-EKWXTDKG.js     | candidate-edit-component         |  88.76 kB |                18.34 kB
chunk-RDDFOMT2.js     | candidate-register-component     |  88.43 kB |                18.46 kB
chunk-I3LGSI3D.js     | edit-request-component           |  76.10 kB |                15.85 kB
chunk-ZW3CQ674.js     | recruiter-list-component         |  61.39 kB |                14.20 kB
chunk-KEVOLUH7.js     | -                                |  55.05 kB |                13.12 kB
chunk-LEVZ2XSL.js     | recruiter-create-component       |  42.82 kB |                 9.63 kB
chunk-SPFQFM7B.js     | candidate-list-component         |  42.54 kB |                 9.41 kB
chunk-5YNT5AGF.js     | volunteer-list-component         |  36.98 kB |                 8.52 kB
chunk-VSKB5XIL.js     | landing-component                |  36.07 kB |                 8.49 kB
chunk-GVXBY5HG.js     | candidate-profile-component      |  34.01 kB |                 7.50 kB
chunk-F2WPEU5Y.js     | -                                |  31.91 kB |                 6.96 kB
chunk-2QDKXI6E.js     | candidate-profile-page-component |  30.02 kB |                 8.35 kB
chunk-JJI7VXUH.js     | master-management-component      |  27.18 kB |                 7.27 kB
chunk-O3JHLCSE.js     | volunteer-profile-page-component |  22.66 kB |                 5.28 kB
...and 36 more lazy chunks files. Use "--verbose" to show all the files.

Output location: C:\Dhinesh\projects\Job_Application\frontend\dist\ntl-career-nexus

Application bundle generation complete. [19.927 seconds]

Γû▓ [WARNING] NG8107: The left side of this optional chain operation does not include 'null' or 'undefined' in its type, therefore the '?.' operator can be replaced with the '.' operator. [plugin angular-compiler]

    src/app/features/admin/candidate-edit/candidate-edit.component.html:106:32:
      106 Γöé ...    <strong>{{ candidate?.first_name }} {{ candidate?.last_nam...
          Γò╡                              ~~~~~~~~~~

  Error occurs in the template of component CandidateEditComponent.

    src/app/features/admin/candidate-edit/candidate-edit.component.ts:272:15:
      272 Γöé   templateUrl: './candidate-edit.component.html',
          Γò╡                ~~~~~~~~~~~~~~~~~~~~~~~~~~~~~~~~~


Γû▓ [WARNING] NG8107: The left side of this optional chain operation does not include 'null' or 'undefined' in its type, therefore the '?.' operator can be replaced with the '.' operator. [plugin angular-compiler]

    src/app/features/admin/candidate-edit/candidate-edit.component.html:106:60:
      106 Γöé ...g>{{ candidate?.first_name }} {{ candidate?.last_name }}</strong>
          Γò╡                                                ~~~~~~~~~

  Error occurs in the template of component CandidateEditComponent.

    src/app/features/admin/candidate-edit/candidate-edit.component.ts:272:15:
      272 Γöé   templateUrl: './candidate-edit.component.html',
          Γò╡                ~~~~~~~~~~~~~~~~~~~~~~~~~~~~~~~~~


Γû▓ [WARNING] bundle initial exceeded maximum budget. Budget 1.00 MB was not met by 229.94 kB with a total of 1.22 MB.


Γû▓ [WARNING] 2 rules skipped due to selector errors:
  .form-floating>~label -> Did not expect successive traversals.
  .form-floating>~label -> Did not expect successive traversals.


